2026-05-22 13:29:28,422 - CPU Usage: 8.7%
2026-05-22 13:29:28,422 - CPU usage is normal.
2026-05-22 13:37:47,482 - CPU Usage: 14.4%
2026-05-22 13:37:47,482 - CPU usage is normal.
2026-05-22 13:37:47,482 - Memory Usages: 61.1%
2026-05-22 13:37:47,482 - memory use is normal
2026-05-22 13:37:47,482 - Disk Usage: 29.2%
2026-05-22 13:37:47,486 - disk use is normal
2026-05-22 13:37:47,487 - Running Process: 269
2026-05-22 13:37:47,488 - Process count is normal
2026-05-22 13:41:11,170 - ========================================
2026-05-22 13:41:11,172 - Health Check Started: 2026-05-22 13:41:11.170624
2026-05-22 13:41:11,178 - ========================================
2026-05-22 13:41:12,180 - CPU Usage: 14.1%
2026-05-22 13:41:12,180 - CPU usage is normal.
2026-05-22 13:41:12,180 - Memory Usages: 60.3%
2026-05-22 13:41:12,180 - memory use is normal
2026-05-22 13:41:12,180 - Disk Usage: 29.2%
2026-05-22 13:41:12,180 - disk use is normal
2026-05-22 13:41:12,183 - Running Process: 271
2026-05-22 13:41:12,183 - Process count is normal
